
> premarketprice@0.1.0 build
> prisma generate && next build

Environment variables loaded from .env
Prisma schema loaded from prisma\schema.prisma
node.exe : Error: 
At C:\Users\dusan\AppData\Roaming\npm\npm.ps1:24 char:5
+     & "node$exe"  "$basedir/node_modules/npm/bin/npm-cli.js" $args
+     ~~~~~~~~~~~~~~~~~~~~~~~~~~~~~~~~~~~~~~~~~~~~~~~~~~~~~~~~~~~~~~
    + CategoryInfo          : NotSpecified: (Error: :String) [], RemoteException
    + FullyQualifiedErrorId : NativeCommandError
 
EPERM: operation not permitted, rename 'D:\Projects\Vercel_PMP\pmp_prod\node_modules\.prisma\client\query_engine-window
s.dll.node.tmp26232' -> 'D:\Projects\Vercel_PMP\pmp_prod\node_modules\.prisma\client\query_engine-windows.dll.node'


