
> premarketprice@0.1.0 build
> prisma generate && next build

Prisma schema loaded from prisma\schema.prisma

✔ Generated Prisma Client (v5.22.0) to .\node_modules\@prisma\client in 74ms

Start by importing your Prisma Client (See: https://pris.ly/d/importing-client)

Tip: Want real-time updates to your database without manual polling? Discover how with Pulse: https://pris.ly/tip-0-pulse

   ▲ Next.js 15.4.4
   - Environments: .env.local
   - Experiments (use with caution):
     · optimizePackageImports

   Creating an optimized production build ...
 ✓ Compiled successfully in 4.0s
   Linting and checking validity of types ...
node.exe : 
At C:\Users\dusan\AppData\Roaming\npm\npm.ps1:24 char:5
+     & "node$exe"  "$basedir/node_modules/npm/bin/npm-cli
.js" $args
+     ~~~~~~~~~~~~~~~~~~~~~~~~~~~~~~~~~~~~~~~~~~~~~~~~~~~~
~~~~~~~~~~
    + CategoryInfo          : NotSpecified: (:String) [], 
    RemoteException
    + FullyQualifiedErrorId : NativeCommandError
 
Failed to compile.

./src/app/admin/cache/page.tsx
42:14  Warning: '_err' is defined but never used.  @typesc
ript-eslint/no-unused-vars
57:14  Warning: '_err' is defined but never used.  @typesc
ript-eslint/no-unused-vars
73:14  Warning: '_err' is defined but never used.  @typesc
ript-eslint/no-unused-vars
86:6  Warning: React Hook useEffect has a missing dependen
cy: 'refreshData'. Either include it or remove the depende
ncy array.  react-hooks/exhaustive-deps

./src/app/api/background/status/route.ts
3:27  Warning: 'request' is defined but never used.  @type
script-eslint/no-unused-vars

./src/app/api/blog/generate/route.ts
7:11  Warning: 'authHeader' is assigned a value but never 
used.  @typescript-eslint/no-unused-vars
35:27  Warning: 'request' is defined but never used.  @typ
escript-eslint/no-unused-vars

./src/app/api/cron/earnings-calendar/route.ts
5:13  Error: Unexpected any. Specify a different type.  @t
ypescript-eslint/no-explicit-any
10:32  Error: A `require()` style import is forbidden.  @t
ypescript-eslint/no-require-imports
34:31  Error: A `require()` style import is forbidden.  @t
ypescript-eslint/no-require-imports
100:16  Warning: 'error' is defined but never used.  @type
script-eslint/no-unused-vars
215:27  Warning: 'request' is defined but never used.  @ty
pescript-eslint/no-unused-vars

./src/app/api/cron/verify-sector-industry/route.ts
50:52  Warning: 'industry' is defined but never used.  @ty
pescript-eslint/no-unused-vars
58:52  Warning: 'industry' is defined but never used.  @ty
pescript-eslint/no-unused-vars
92:9  Error: 'errors' is never reassigned. Use 'const' ins
tead.  prefer-const
232:27  Warning: 'request' is defined but never used.  @ty
pescript-eslint/no-unused-vars

./src/app/api/earnings/yahoo/route.ts
52:31  Error: A `require()` style import is forbidden.  @t
ypescript-eslint/no-require-imports
84:13  Warning: 'finnhubResult' is assigned a value but ne
ver used.  @typescript-eslint/no-unused-vars

./src/app/api/earnings-finnhub/route.ts
2:76  Warning: 'getCurrentPrice' is defined but never used
.  @typescript-eslint/no-unused-vars
85:10  Warning: 'getYourTickers' is defined but never used
.  @typescript-eslint/no-unused-vars
335:10  Warning: 'processEarningsData' is defined but neve
r used.  @typescript-eslint/no-unused-vars

./src/app/api/health/redis/route.ts
11:21  Error: Unexpected any. Specify a different type.  @
typescript-eslint/no-explicit-any

./src/app/api/health/route.ts
49:27  Warning: 'request' is defined but never used.  @typ
escript-eslint/no-unused-vars

./src/app/api/healthz/route.ts
9:17  Error: Unexpected any. Specify a different type.  @t
ypescript-eslint/no-explicit-any
22:84  Error: Unexpected any. Specify a different type.  @
typescript-eslint/no-explicit-any
26:12  Warning: 'error' is defined but never used.  @types
cript-eslint/no-unused-vars
39:12  Warning: 'error' is defined but never used.  @types
cript-eslint/no-unused-vars

./src/app/api/heatmap/route.ts
2:25  Warning: 'setCachedData' is defined but never used. 
 @typescript-eslint/no-unused-vars
5:10  Warning: 'prisma' is defined but never used.  @types
cript-eslint/no-unused-vars
6:10  Warning: 'formatMarketCapDiff' is defined but never 
used.  @typescript-eslint/no-unused-vars
61:49  Error: Unexpected any. Specify a different type.  @
typescript-eslint/no-explicit-any
329:48  Error: Unexpected any. Specify a different type.  
@typescript-eslint/no-explicit-any
333:46  Error: Unexpected any. Specify a different type.  
@typescript-eslint/no-explicit-any
344:14  Warning: 'e' is defined but never used.  @typescri
pt-eslint/no-unused-vars
524:20  Warning: 'e' is defined but never used.  @typescri
pt-eslint/no-unused-vars
534:20  Warning: 'e' is defined but never used.  @typescri
pt-eslint/no-unused-vars
539:14  Warning: 'e' is defined but never used.  @typescri
pt-eslint/no-unused-vars

./src/app/api/logo/[symbol]/route.ts
31:7  Warning: 'LOGO_URLS' is assigned a value but never u
sed.  @typescript-eslint/no-unused-vars
41:7  Warning: 'DEFAULT_SOURCE' is assigned a value but ne
ver used.  @typescript-eslint/no-unused-vars
68:45  Error: Unexpected any. Specify a different type.  @
typescript-eslint/no-explicit-any
194:20  Warning: 'redisError' is defined but never used.  
@typescript-eslint/no-unused-vars
206:22  Warning: 'redisError' is defined but never used.  
@typescript-eslint/no-unused-vars
243:24  Warning: 'redisError' is defined but never used.  
@typescript-eslint/no-unused-vars

./src/app/api/performance/route.ts
119:10  Warning: 'getTimeRangeInMs' is defined but never u
sed.  @typescript-eslint/no-unused-vars

./src/app/api/prices/refresh/route.ts
2:10  Warning: 'stockDataCache' is defined but never used.
  @typescript-eslint/no-unused-vars
8:28  Warning: 'request' is defined but never used.  @type
script-eslint/no-unused-vars

./src/app/api/prices/route.ts
7:27  Warning: 'request' is defined but never used.  @type
script-eslint/no-unused-vars

./src/app/api/stats/sectors/route.ts
42:37  Error: Unexpected any. Specify a different type.  @
typescript-eslint/no-explicit-any

./src/app/api/stocks/bulk/route.ts
18:27  Warning: 'req' is defined but never used.  @typescr
ipt-eslint/no-unused-vars
128:21  Error: Unexpected any. Specify a different type.  
@typescript-eslint/no-explicit-any

./src/app/api/stocks/optimized/route.ts
116:41  Error: Unexpected any. Specify a different type.  
@typescript-eslint/no-explicit-any
135:43  Error: Unexpected any. Specify a different type.  
@typescript-eslint/no-explicit-any
148:43  Error: Unexpected any. Specify a different type.  
@typescript-eslint/no-explicit-any

./src/app/api/stocks/route.ts
2:10  Warning: 'getCachedData' is defined but never used. 
 @typescript-eslint/no-unused-vars
117:16  Warning: 'fetchSectorData' is defined but never us
ed.  @typescript-eslint/no-unused-vars
348:50  Warning: 'index' is defined but never used.  @type
script-eslint/no-unused-vars
362:13  Error: 'prevClose' is never reassigned. Use 'const
' instead.  prefer-const
719:21  Error: Unexpected any. Specify a different type.  
@typescript-eslint/no-explicit-any

./src/app/api/test-cache/route.ts
4:27  Warning: 'request' is defined but never used.  @type
script-eslint/no-unused-vars

./src/app/api/websocket/route.ts
4:27  Warning: 'request' is defined but never used.  @type
script-eslint/no-unused-vars

./src/app/api/__tests__/admin.test.ts
21:39  Warning: 'deleteCachedData' is assigned a value but
 never used.  @typescript-eslint/no-unused-vars
21:60  Error: A `require()` style import is forbidden.  @t
ypescript-eslint/no-require-imports

./src/app/api/__tests__/stocks-simple.test.ts
11:71  Error: A `require()` style import is forbidden.  @t
ypescript-eslint/no-require-imports
12:28  Error: A `require()` style import is forbidden.  @t
ypescript-eslint/no-require-imports
23:55  Error: Unexpected any. Specify a different type.  @
typescript-eslint/no-explicit-any

./src/app/api/__tests__/stocks.test.ts
11:71  Error: A `require()` style import is forbidden.  @t
ypescript-eslint/no-require-imports
12:28  Error: A `require()` style import is forbidden.  @t
ypescript-eslint/no-require-imports
23:55  Error: Unexpected any. Specify a different type.  @
typescript-eslint/no-explicit-any
187:44  Error: Unexpected any. Specify a different type.  
@typescript-eslint/no-explicit-any
188:43  Error: Unexpected any. Specify a different type.  
@typescript-eslint/no-explicit-any

./src/app/heatmap/page.tsx
11:21  Warning: 'setTimeframe' is assigned a value but nev
er used.  @typescript-eslint/no-unused-vars

./src/app/HomePage.tsx
21:7  Warning: 'SwipeableTableRow' is assigned a value but
 never used.  @typescript-eslint/no-unused-vars
86:25  Warning: 'setFavoritesOnly' is assigned a value but
 never used.  @typescript-eslint/no-unused-vars
87:26  Warning: 'setFilterCategory' is assigned a value bu
t never used.  @typescript-eslint/no-unused-vars
88:26  Warning: 'setSelectedSector' is assigned a value bu
t never used.  @typescript-eslint/no-unused-vars
115:16  Warning: 'e' is defined but never used.  @typescri
pt-eslint/no-unused-vars
130:16  Warning: 'e' is defined but never used.  @typescri
pt-eslint/no-unused-vars
145:16  Warning: 'e' is defined but never used.  @typescri
pt-eslint/no-unused-vars
160:16  Warning: 'e' is defined but never used.  @typescri
pt-eslint/no-unused-vars
271:10  Warning: 'backgroundStatus' is assigned a value bu
t never used.  @typescript-eslint/no-unused-vars
332:9  Warning: 'isWeekendOrHoliday' is assigned a value b
ut never used.  @typescript-eslint/no-unused-vars
374:9  Warning: 'getCurrentMarketStatus' is assigned a val
ue but never used.  @typescript-eslint/no-unused-vars
630:62  Error: Unexpected any. Specify a different type.  
@typescript-eslint/no-explicit-any
633:103  Error: Unexpected any. Specify a different type. 
 @typescript-eslint/no-explicit-any
637:52  Error: Unexpected any. Specify a different type.  
@typescript-eslint/no-explicit-any
838:6  Warning: React Hook useEffect has a missing depende
ncy: 'loadDataProgressive'. Either include it or remove th
e dependency array.  react-hooks/exhaustive-deps
852:6  Warning: React Hook useEffect has missing dependenc
ies: 'favorites.length' and 'fetchFavoritesData'. Either i
nclude them or remove the dependency array.  react-hooks/e
xhaustive-deps
852:7  Warning: React Hook useEffect has a complex express
ion in the dependency array. Extract it to a separate vari
able so it can be statically checked.  react-hooks/exhaust
ive-deps
932:16  Warning: 'lazyLoading' is assigned a value but nev
er used.  @typescript-eslint/no-unused-vars
935:5  Warning: 'hasTriggeredRemaining' is assigned a valu
e but never used.  @typescript-eslint/no-unused-vars
951:6  Warning: React Hook useEffect has a missing depende
ncy: 'resetLazyLoading'. Either include it or remove the d
ependency array.  react-hooks/exhaustive-deps
974:9  Warning: 'TableSkeleton' is assigned a value but ne
ver used.  @typescript-eslint/no-unused-vars
992:20  Error: `'` can be escaped with `&apos;`, `&lsquo;`
, `&#39;`, `&rsquo;`.  react/no-unescaped-entities

./src/components/AdaptiveTable.tsx
23:3  Warning: 'ascending' is defined but never used.  @ty
pescript-eslint/no-unused-vars
29:47  Warning: 'isDesktop' is assigned a value but never 
used.  @typescript-eslint/no-unused-vars

./src/components/AdaptiveTableDemo.tsx
4:10  Warning: 'SortKey' is defined but never used.  @type
script-eslint/no-unused-vars

./src/components/AllStocksSection.tsx
30:3  Warning: 'ascending' is defined but never used.  @ty
pescript-eslint/no-unused-vars

./src/components/BrandLogo.tsx
23:9  Warning: 'blueColor' is assigned a value but never u
sed.  @typescript-eslint/no-unused-vars

./src/components/CompanyLogo.tsx
113:24  Warning: 'e' is defined but never used.  @typescri
pt-eslint/no-unused-vars
152:9  Warning: Using `<img>` could result in slower LCP a
nd higher bandwidth. Consider using `<Image />` from `next
/image` or a custom image loader to automatically optimize
 images. This may incur additional usage or cost from your
 provider. See: https://nextjs.org/docs/messages/no-img-el
ement  @next/next/no-img-element
172:9  Warning: Using `<img>` could result in slower LCP a
nd higher bandwidth. Consider using `<Image />` from `next
/image` or a custom image loader to automatically optimize
 images. This may incur additional usage or cost from your
 provider. See: https://nextjs.org/docs/messages/no-img-el
ement  @next/next/no-img-element

./src/components/CustomDropdown.tsx
76:7  Warning: Elements with the ARIA role "combobox" must
 have the following attributes defined: aria-controls,aria
-expanded  jsx-a11y/role-has-required-aria-props

./src/components/EarningsCalendar.tsx
47:6  Warning: React Hook useEffect has a missing dependen
cy: 'fetchEarnings'. Either include it or remove the depen
dency array.  react-hooks/exhaustive-deps
159:61  Error: `'` can be escaped with `&apos;`, `&lsquo;`
, `&#39;`, `&rsquo;`.  react/no-unescaped-entities
174:61  Error: `'` can be escaped with `&apos;`, `&lsquo;`
, `&#39;`, `&rsquo;`.  react/no-unescaped-entities
184:61  Error: `'` can be escaped with `&apos;`, `&lsquo;`
, `&#39;`, `&rsquo;`.  react/no-unescaped-entities
193:59  Error: `'` can be escaped with `&apos;`, `&lsquo;`
, `&#39;`, `&rsquo;`.  react/no-unescaped-entities
209:37  Warning: 'index' is defined but never used.  @type
script-eslint/no-unused-vars

./src/components/FavoriteCard.tsx
5:58  Error: Unexpected any. Specify a different type.  @t
ypescript-eslint/no-explicit-any

./src/components/FavoritesSection.tsx
8:10  Warning: 'formatBillions' is defined but never used.
  @typescript-eslint/no-unused-vars
12:10  Warning: 'LoadingStates' is defined but never used.
  @typescript-eslint/no-unused-vars
28:3  Warning: 'ascending' is defined but never used.  @ty
pescript-eslint/no-unused-vars

./src/components/MarketHeatmap.tsx
88:7  Warning: 'LABEL_TEXT_SHADOW' is assigned a value but
 never used.  @typescript-eslint/no-unused-vars
389:9  Warning: 'minDimension' is assigned a value but nev
er used.  @typescript-eslint/no-unused-vars
498:63  Warning: 'timeframe' is assigned a value but never
 used.  @typescript-eslint/no-unused-vars
605:3  Warning: 'onTimeframeChange' is defined but never u
sed.  @typescript-eslint/no-unused-vars
679:46  Error: Unexpected any. Specify a different type.  
@typescript-eslint/no-explicit-any
730:25  Error: React Hook "useMemo" is called conditionall
y. React Hooks must be called in the exact same order in e
very component render. Did you accidentally call a React H
ook after an early return?  react-hooks/rules-of-hooks
735:48  Error: Unexpected any. Specify a different type.  
@typescript-eslint/no-explicit-any
753:17  Error: React Hook "useMemo" is called conditionall
y. React Hooks must be called in the exact same order in e
very component render. Did you accidentally call a React H
ook after an early return?  react-hooks/rules-of-hooks
763:18  Error: React Hook "useMemo" is called conditionall
y. React Hooks must be called in the exact same order in e
very component render. Did you accidentally call a React H
ook after an early return?  react-hooks/rules-of-hooks
844:11  Warning: 'align' is assigned a value but never use
d.  @typescript-eslint/no-unused-vars

./src/components/MobileTester.tsx
9:29  Error: Unexpected any. Specify a different type.  @t
ypescript-eslint/no-explicit-any
66:64  Error: Unexpected any. Specify a different type.  @
typescript-eslint/no-explicit-any
81:34  Error: Unexpected any. Specify a different type.  @
typescript-eslint/no-explicit-any
99:30  Warning: 'e' is defined but never used.  @typescrip
t-eslint/no-unused-vars
99:33  Error: Unexpected any. Specify a different type.  @
typescript-eslint/no-explicit-any
106:32  Error: Unexpected any. Specify a different type.  
@typescript-eslint/no-explicit-any
165:45  Error: Unexpected any. Specify a different type.  
@typescript-eslint/no-explicit-any

./src/components/PerformanceOptimizer.tsx
63:63  Error: Unexpected any. Specify a different type.  @
typescript-eslint/no-explicit-any
63:96  Error: Unexpected any. Specify a different type.  @
typescript-eslint/no-explicit-any
66:51  Error: Unexpected any. Specify a different type.  @
typescript-eslint/no-explicit-any
224:61  Error: Unexpected any. Specify a different type.  
@typescript-eslint/no-explicit-any
224:94  Error: Unexpected any. Specify a different type.  
@typescript-eslint/no-explicit-any
227:49  Error: Unexpected any. Specify a different type.  
@typescript-eslint/no-explicit-any

./src/components/PieChartIcon.tsx
123:11  Warning: 'angle4' is assigned a value but never us
ed.  @typescript-eslint/no-unused-vars

./src/components/PullToRefresh.tsx
46:11  Warning: 'isPulling' is assigned a value but never 
used.  @typescript-eslint/no-unused-vars

./src/components/ResponsiveMarketHeatmap.tsx
3:31  Warning: 'useMemo' is defined but never used.  @type
script-eslint/no-unused-vars
190:39  Error: Unexpected any. Specify a different type.  
@typescript-eslint/no-explicit-any
199:46  Error: Unexpected any. Specify a different type.  
@typescript-eslint/no-explicit-any
281:10  Warning: 'fallbackSize' is assigned a value but ne
ver used.  @typescript-eslint/no-unused-vars
281:24  Warning: 'setFallbackSize' is assigned a value but
 never used.  @typescript-eslint/no-unused-vars
507:9  Warning: 'handleTimeframeChange' is assigned a valu
e but never used.  @typescript-eslint/no-unused-vars

./src/components/StocksClient.tsx
78:15  Error: Unexpected any. Specify a different type.  @
typescript-eslint/no-explicit-any
79:16  Error: Unexpected any. Specify a different type.  @
typescript-eslint/no-explicit-any
86:10  Error: Unexpected any. Specify a different type.  @
typescript-eslint/no-explicit-any

./src/components/StockSearchBar.tsx
16:39  Error: Unexpected any. Specify a different type.  @
typescript-eslint/no-explicit-any
40:35  Warning: React Hook useCallback received a function
 whose dependencies are unknown. Pass an inline function i
nstead.  react-hooks/exhaustive-deps

./src/components/StockTable.tsx
5:75  Error: Unexpected any. Specify a different type.  @t
ypescript-eslint/no-explicit-any
19:31  Error: Unexpected any. Specify a different type.  @
typescript-eslint/no-explicit-any

./src/components/SwipeableTableRow.tsx
67:9  Warning: 'handleSwipeLeft' is assigned a value but n
ever used.  @typescript-eslint/no-unused-vars
74:9  Warning: 'handleSwipeRight' is assigned a value but 
never used.  @typescript-eslint/no-unused-vars

./src/components/TodaysEarningsFinnhub.tsx
219:6  Warning: React Hook useEffect has a missing depende
ncy: 'fetchData'. Either include it or remove the dependen
cy array.  react-hooks/exhaustive-deps
231:22  Error: `'` can be escaped with `&apos;`, `&lsquo;`
, `&#39;`, `&rsquo;`.  react/no-unescaped-entities
236:52  Error: `'` can be escaped with `&apos;`, `&lsquo;`
, `&#39;`, `&rsquo;`.  react/no-unescaped-entities
248:22  Error: `'` can be escaped with `&apos;`, `&lsquo;`
, `&#39;`, `&rsquo;`.  react/no-unescaped-entities
271:22  Error: `'` can be escaped with `&apos;`, `&lsquo;`
, `&#39;`, `&rsquo;`.  react/no-unescaped-entities
372:24  Error: `'` can be escaped with `&apos;`, `&lsquo;`
, `&#39;`, `&rsquo;`.  react/no-unescaped-entities

./src/components/UserPreferencesManager.tsx
111:96  Error: Unexpected any. Specify a different type.  
@typescript-eslint/no-explicit-any

./src/components/WebSocketStatus.tsx
4:49  Warning: 'CheckCircle' is defined but never used.  @
typescript-eslint/no-unused-vars
13:52  Error: Unexpected any. Specify a different type.  @
typescript-eslint/no-explicit-any

./src/hooks/useLazyLoading.ts
73:6  Warning: React Hook useCallback has a missing depend
ency: 'initialLimit'. Either include it or remove the depe
ndency array. If 'setDisplayLimit' needs the current value
 of 'initialLimit', you can also switch to useReducer inst
ead of useState and read 'initialLimit' in the reducer.  r
eact-hooks/exhaustive-deps

./src/hooks/usePWA.ts
11:19  Error: Unexpected any. Specify a different type.  @
typescript-eslint/no-explicit-any
43:46  Error: Unexpected any. Specify a different type.  @
typescript-eslint/no-explicit-any
154:13  Warning: 'registration' is assigned a value but ne
ver used.  @typescript-eslint/no-unused-vars
225:32  Error: Unexpected any. Specify a different type.  
@typescript-eslint/no-explicit-any
245:34  Error: Unexpected any. Specify a different type.  
@typescript-eslint/no-explicit-any

./src/hooks/useSortableData.ts
11:58  Error: Unexpected any. Specify a different type.  @
typescript-eslint/no-explicit-any

./src/hooks/useWebSocket.ts
271:6  Warning: React Hook useEffect has missing dependenc
ies: 'connect' and 'disconnect'. Either include them or re
move the dependency array.  react-hooks/exhaustive-deps

./src/lib/api/metricsMiddleware.ts
23:38  Error: The `Function` type accepts any function-lik
e value.
Prefer explicitly defining any function parameters and ret
urn type.  @typescript-eslint/no-unsafe-function-type
24:48  Error: Unexpected any. Specify a different type.  @
typescript-eslint/no-explicit-any

./src/lib/api/middleware.ts
57:18  Error: Unexpected any. Specify a different type.  @
typescript-eslint/no-explicit-any
90:19  Error: Unexpected any. Specify a different type.  @
typescript-eslint/no-explicit-any
117:21  Error: Unexpected any. Specify a different type.  
@typescript-eslint/no-explicit-any

./src/lib/api/rateLimiter.ts
109:21  Error: Unexpected any. Specify a different type.  
@typescript-eslint/no-explicit-any

./src/lib/batchProcessor.ts
54:3  Warning: 'requestsPerSecond' is assigned a value but
 never used.  @typescript-eslint/no-unused-vars

./src/lib/cache/stockData.ts
18:39  Error: Unexpected any. Specify a different type.  @
typescript-eslint/no-explicit-any
31:49  Error: Unexpected any. Specify a different type.  @
typescript-eslint/no-explicit-any
31:54  Warning: 'ttl' is assigned a value but never used. 
 @typescript-eslint/no-unused-vars
248:81  Error: Unexpected any. Specify a different type.  
@typescript-eslint/no-explicit-any
250:48  Error: Unexpected any. Specify a different type.  
@typescript-eslint/no-explicit-any

./src/lib/clients/yahooFinanceScraper.ts
30:28  Warning: 'date' is defined but never used.  @typesc
ript-eslint/no-unused-vars
137:11  Warning: 'month' is assigned a value but never use
d.  @typescript-eslint/no-unused-vars
138:11  Warning: 'day' is assigned a value but never used.
  @typescript-eslint/no-unused-vars
139:11  Warning: 'year' is assigned a value but never used
.  @typescript-eslint/no-unused-vars
182:46  Warning: 'date' is defined but never used.  @types
cript-eslint/no-unused-vars
201:16  Warning: 'parseError' is defined but never used.  
@typescript-eslint/no-unused-vars
227:16  Warning: 'parseError' is defined but never used.  
@typescript-eslint/no-unused-vars
244:49  Error: Unexpected any. Specify a different type.  
@typescript-eslint/no-explicit-any
290:30  Error: Unexpected any. Specify a different type.  
@typescript-eslint/no-explicit-any
290:50  Error: Unexpected any. Specify a different type.  
@typescript-eslint/no-explicit-any
373:14  Warning: 'error' is defined but never used.  @type
script-eslint/no-unused-vars

./src/lib/db/database.ts
12:9  Error: Unexpected any. Specify a different type.  @t
ypescript-eslint/no-explicit-any
25:12  Warning: 'error' is defined but never used.  @types
cript-eslint/no-unused-vars

./src/lib/dlq.ts
91:18  Warning: '_err' is defined but never used.  @typesc
ript-eslint/no-unused-vars

./src/lib/jobs/backgroundService.ts
2:10  Warning: 'dbHelpers' is defined but never used.  @ty
pescript-eslint/no-unused-vars
7:3  Warning: 'recordCacheMetrics' is defined but never us
ed.  @typescript-eslint/no-unused-vars

./src/lib/jobs/blogScheduler.ts
2:10  Warning: 'redisClient' is defined but never used.  @
typescript-eslint/no-unused-vars
108:13  Warning: 'html' is assigned a value but never used
.  @typescript-eslint/no-unused-vars
152:53  Error: Unexpected any. Specify a different type.  
@typescript-eslint/no-explicit-any
172:50  Error: Unexpected any. Specify a different type.  
@typescript-eslint/no-explicit-any
178:49  Error: Unexpected any. Specify a different type.  
@typescript-eslint/no-explicit-any

./src/lib/jobs/blogSchedulerCore.ts
3:10  Warning: 'redisClient' is defined but never used.  @
typescript-eslint/no-unused-vars
109:13  Warning: 'html' is assigned a value but never used
.  @typescript-eslint/no-unused-vars
153:53  Error: Unexpected any. Specify a different type.  
@typescript-eslint/no-explicit-any
173:50  Error: Unexpected any. Specify a different type.  
@typescript-eslint/no-explicit-any
180:49  Error: Unexpected any. Specify a different type.  
@typescript-eslint/no-explicit-any

./src/lib/jobs/cacheCleaner.ts
70:13  Warning: 'config' is assigned a value but never use
d.  @typescript-eslint/no-unused-vars

./src/lib/redis/client.ts
4:25  Error: Unexpected any. Specify a different type.  @t
ypescript-eslint/no-explicit-any
5:5  Warning: 'inMemoryCache' is assigned a value but neve
r used.  @typescript-eslint/no-unused-vars
5:5  Error: 'inMemoryCache' is never reassigned. Use 'cons
t' instead.  prefer-const
6:5  Warning: 'cacheTimestamps' is assigned a value but ne
ver used.  @typescript-eslint/no-unused-vars
6:5  Error: 'cacheTimestamps' is never reassigned. Use 'co
nst' instead.  prefer-const
9:7  Warning: 'isServerless' is assigned a value but never
 used.  @typescript-eslint/no-unused-vars
56:72  Error: Unexpected any. Specify a different type.  @
typescript-eslint/no-explicit-any
65:10  Warning: 'error' is defined but never used.  @types
cript-eslint/no-unused-vars
87:15  Error: Unexpected any. Specify a different type.  @
typescript-eslint/no-explicit-any
91:32  Error: Unexpected any. Specify a different type.  @
typescript-eslint/no-explicit-any
93:53  Error: Unexpected any. Specify a different type.  @
typescript-eslint/no-explicit-any
110:38  Error: A `require()` style import is forbidden.  @
typescript-eslint/no-require-imports
114:40  Error: Unexpected any. Specify a different type.  
@typescript-eslint/no-explicit-any
135:32  Error: Unexpected any. Specify a different type.  
@typescript-eslint/no-explicit-any

./src/lib/redis/operations.ts
195:35  Error: Unexpected any. Specify a different type.  
@typescript-eslint/no-explicit-any
199:35  Error: Unexpected any. Specify a different type.  
@typescript-eslint/no-explicit-any
309:40  Error: Unexpected any. Specify a different type.  
@typescript-eslint/no-explicit-any
391:30  Warning: 'e' is defined but never used.  @typescri
pt-eslint/no-unused-vars
395:18  Warning: 'e' is defined but never used.  @typescri
pt-eslint/no-unused-vars
416:39  Error: Unexpected any. Specify a different type.  
@typescript-eslint/no-explicit-any
439:56  Error: Unexpected any. Specify a different type.  
@typescript-eslint/no-explicit-any

./src/lib/redis/ranking.ts
20:18  Error: Unexpected any. Specify a different type.  @
typescript-eslint/no-explicit-any
353:29  Error: Unexpected any. Specify a different type.  
@typescript-eslint/no-explicit-any
356:29  Error: Unexpected any. Specify a different type.  
@typescript-eslint/no-explicit-any
427:24  Error: Unexpected any. Specify a different type.  
@typescript-eslint/no-explicit-any
428:34  Error: Unexpected any. Specify a different type.  
@typescript-eslint/no-explicit-any

./src/lib/security/auth.ts
2:10  Warning: 'dbHelpers' is defined but never used.  @ty
pescript-eslint/no-unused-vars
10:38  Warning: 'request' is defined but never used.  @typ
escript-eslint/no-unused-vars

./src/middleware.ts
9:10  Warning: 'getClientIP' is defined but never used.  @
typescript-eslint/no-unused-vars

./src/workers/backgroundPreloader.ts
7:7  Warning: 'TARGET_TICKER_COUNT' is assigned a value bu
t never used.  @typescript-eslint/no-unused-vars

./src/workers/polygonWorker.ts
13:3  Warning: 'setLast' is defined but never used.  @type
script-eslint/no-unused-vars
14:3  Warning: 'updateHeatmap' is defined but never used. 
 @typescript-eslint/no-unused-vars

info  - Need to disable some ESLint rules? Learn more here
: https://nextjs.org/docs/app/api-reference/config/eslint#
disabling-rules
